error[E0521]: borrowed data escapes outside of closure
  --> tests/compile/transaction_invariant.rs:17:9
   |
13 |     let txn = client.transaction(&db);
   |         --- `txn` declared here, outside of the closure body
14 |     let name = txn.query(|rows| {
   |                           ---- `rows` is a reference that is only valid in the closure body
...
17 |         txn.query_one(item.name())
   |         ^^^^^^^^^^^^^^^^^^^^^^^^^^ `rows` escapes the closure body here
